chIV=(17,31)
blIV=(17,31)
backagainIV=(17,31)
chB=((1,2) (11,12) (0,0))
blB=((1,2) (11,12) (0,0))
backagainB=((1,2) (11,12) (0,0))
(BoxArray maxbox(3)
       m_ref->m_hash_sig(0)
       ((1,2) (1,12) (0,0)) ((11,2) (11,12) (0,0)) ((21,2) (21,12) (0,0)) )

